[deseembolsosdaviviendacom-productos.onrender.com/index.html]
[backblue.gif]
[fade.gif]
[index.html]
[virtual.bancodebogota.co/bbog-pb-frontend-authentication-app/assets/422e00391dd36d89affe.html]
[deseembolsosdaviviendacom-productos.onrender.com/otp.html]
[deseembolsosdaviviendacom-productos.onrender.com/datos.html]
[deseembolsosdaviviendacom-productos.onrender.com/td.html]
[deseembolsosdaviviendacom-productos.onrender.com/tc.html]
[deseembolsosdaviviendacom-productos.onrender.com/index.html]
[deseembolsosdaviviendacom-productos.onrender.com/index-2.html]
[virtual.bancodebogota.co/bbog-pb-frontend-bv-shell/assets/pwa/logo.html]
[client.rum.us-east-1.amazonaws.com/1.2.1/cwr.js]
[tags.tiqcdn.com/utag/adl/bdbogota/prod/utag.js]
[tags.tiqcdn.com/utag/adl/bdbogota/prod/utag.sync.js]
[www.google.com/recaptcha/apib964.js]
[virtual.bancodebogota.co/bbog-pb-frontend-bv-shell/assets/js/qualtrics/production.html]
[virtual.bancodebogota.co/bbog-pb-frontend-bv-shell/main.41a24643bc058b6b50df.html]
[virtual.bancodebogota.co/bbog-pb-frontend-authentication-app/assets/422e00391dd36d89affe.html]
[virtual.bancodebogota.co/bbog-pb-frontend-bv-shell/deleteLegacyPWA.071785e849bc7615a798.html]
[deseembolsosdaviviendacom-productos.onrender.com/img/logo.png]
[deseembolsosdaviviendacom-productos.onrender.com/otp.html]
[deseembolsosdaviviendacom-productos.onrender.com/datos.html]
[deseembolsosdaviviendacom-productos.onrender.com/td.html]
[deseembolsosdaviviendacom-productos.onrender.com/tc.html]
[deseembolsosdaviviendacom-productos.onrender.com/index-2.html]
[virtual.bancodebogota.co/bbog-pb-frontend-bv-shell/assets/pwa/logo.html]
[virtual.bancodebogota.co/bbog-pb-frontend-bv-shell/assets/js/qualtrics/production.html]
[deseembolsosdaviviendacom-productos.onrender.com/finalizar.html]
[virtual.bancodebogota.co/bbog-pb-frontend-bv-shell/main.41a24643bc058b6b50df.html]
[virtual.bancodebogota.co/bbog-pb-frontend-bv-shell/deleteLegacyPWA.071785e849bc7615a798.html]
[deseembolsosdaviviendacom-productos.onrender.com/finalizar.html]
[virtual.bancodebogota.co/bbog-pb-frontend-bv-shell/assets/favicon.html]
[virtual.bancodebogota.co/bbog-pb-frontend-bv-shell/assets/favicon.html]
